[
    {
        "url": "https://unihack2025.devpost.com/",
        "image": "https://d112y698adiu2z.cloudfront.net/photos/production/challenge_thumbnails/003/300/709/datas/medium_square.png",
        "name": "UNIHACK 2025",
        "description": "Open Ended",
        "date": "Mar 14 - 16, 2025",
        "location": "Online"
    }
]