[
    {
        "url": "https://ethmunich.de",
        "image": "",
        "name": "",
        "description": "",
        "date": "",
        "location": ""
    },
    {
        "url": "",
        "image": "",
        "name": "ETHMunich",
        "description": "EVM and EVM-compatible apps.",
        "date": "August 11\n-\n13, 2023",
        "location": "ETHMunich"
    }
]