[
    {
        "url": "https://hack.startmunich.de",
        "image": "",
        "name": "Road to START Hack",
        "description": "Munich's most entrepreneurial hackathon",
        "date": "",
        "location": ""
    },
    {
        "url": "https://hack.startmunich.de",
        "image": "",
        "name": "TUM Main Campus,",
        "description": "TUM Main Campus,",
        "date": "7-8 December 2024",
        "location": "TUM Main Campus, ArcisstraÃe 21,"
    }
]