[
    {
        "url": "https://hack.tum.de/",
        "image": "https://hack.tum.de/wp-content/uploads/2022/10/2022-Promotion-Banner.png",
        "name": "hackaTUM",
        "description": "hackaTUM is the official hackathon of the Department of Computer Science of the Technical University of Munich.",
        "date": "",
        "location": ""
    },
    {
        "url": "https://hack.tum.de/",
        "image": "",
        "name": "hackaTUM",
        "description": "academic-industry exchange,",
        "date": "November 22-24, 2024",
        "location": "Technical University of Munich,"
    }
]