[
    {
        "url": "https://hackfest.tech",
        "image": "",
        "name": "",
        "description": "",
        "date": "",
        "location": ""
    },
    {
        "url": "https://hackfest.tech",
        "image": "",
        "name": "a MakerSpace membership and the corresponding machine course certification",
        "description": "a MakerSpace membership and the corresponding machine course certification",
        "date": "19.-22.05.2025",
        "location": "Munich Urban Colab"
    }
]