[
    {
        "url": "https://hackathon.radiology.bayer.com",
        "image": "",
        "name": "",
        "description": "",
        "date": "",
        "location": ""
    },
    {
        "url": "https://hackathon.radiology.bayer.com",
        "image": "",
        "name": "AI Innovation Platform Hackathon,",
        "description": "test our new AI Innovation Platform",
        "date": "October 24-25, 2024,",
        "location": "Google Offices in Munich."
    }
]