[
    {
        "url": "https://huawei.agorize.com/huawei-spark-malaysia",
        "image": "https://cdn.fs.agorize.com/OJZz0cqMTYqTwbQJmOMo",
        "name": "Huawei Spark Malaysia - Tech Competition",
        "description": "Fire up your company and take it to new heights with Huawei! Compete for the chance to win up to USD $125k in Cloud Credit and exclusive business development opportunities.",
        "date": "2020-11-09T18:00:00.000Z - 2021-03-08T15:59:00.000Z",
        "location": ""
    },
    {
        "url": "https://huawei.agorize.com/huaweispark2020",
        "image": "https://cdn.fs.agorize.com/bj32ZnXSOeqVTfGxVgAg",
        "name": "Huawei Spark 2020 - Global Startup Competition",
        "description": "Fire up your startup and take it to new heights with Huawei!",
        "date": "2020-08-10T04:00:00.000Z - 2021-03-24T15:59:00.000Z",
        "location": ""
    },
    {
        "url": "https://huawei.agorize.com/huaweisparkthailand",
        "image": "https://cdn.fs.agorize.com/bdBOoEnQQBe71UjOS07A",
        "name": "Huawei Spark Ignite 2021 - Thailand Startup Competition",
        "description": "Fire up your startup and take it to new heights with Huawei!",
        "date": "2021-05-13T00:00:00.000Z - 2021-07-31T23:55:00.000Z",
        "location": ""
    },
    {
        "url": "https://huawei.agorize.com/huaweispark2021",
        "image": "https://cdn.fs.agorize.com/hbNDsVmnRnS2ZW4t0wvM",
        "name": " Huawei Spark Ignite 2021 - Global Startup Competition",
        "description": "Fire up your startup and take it to new heights with Huawei!",
        "date": "2021-05-07T02:00:00.000Z - 2021-08-18T15:55:00.000Z",
        "location": ""
    },
    {
        "url": "https://huawei.agorize.com/hackathonsg2022",
        "image": "https://cdn.fs.agorize.com/X1HVXFVVTfeFs3FDghHE",
        "name": "HUAWEI CLOUD SPARK Hackathon Singapore 2022",
        "description": "Build your industry-transforming innovations empowered by HUAWEI CLOUD and Huawei experts!",
        "date": "2021-11-15T09:00:00.000Z - 2022-01-30T16:00:00.000Z",
        "location": ""
    },
    {
        "url": "https://huawei.agorize.com/sparkignite2022",
        "image": "https://cdn.fs.agorize.com/5hvPtSpRA5hGrErnosAl",
        "name": "Huawei Spark Ignite 2022 - Global Startup Competition",
        "description": "Scaling is the name of the game; ambition is a must. Do you have what it takes to bring your startup to new heights with Huawei? We want you!",
        "date": "2022-05-05T08:00:00.000Z - 2022-08-07T16:00:00.000Z",
        "location": ""
    },
    {
        "url": "https://huawei.agorize.com/ignite-thailand-2022",
        "image": "https://cdn.fs.agorize.com/sQmda2CfSCGmbJpX9VJa",
        "name": "Huawei Spark Ignite 2022 - Thailand Startup Competition",
        "description": "Scaling is the name of the game; ambition is a must. Do you have what it takes to bring your startup to new heights with Huawei? We want you!",
        "date": "2022-06-16T05:00:00.000Z - 2022-08-16T00:00:00.000Z",
        "location": ""
    },
    {
        "url": "https://huawei.agorize.com/latam-developer-competition",
        "image": "https://cdn.fs.agorize.com/vSWGjWWvRFafdPqYCUk2",
        "name": "HUAWEI Developer Competition LATAM 2022",
        "description": "Build your industry-transforming innovations empowered by HUAWEI CLOUD and Huawei experts!",
        "date": "2022-08-10T11:00:00.000Z - 2022-10-17T05:00:00.000Z",
        "location": ""
    },
    {
        "url": "https://huawei.agorize.com/cloud-startup-ignite-competition-2023",
        "image": "https://cdn.fs.agorize.com/8tIcMDPTtuUYmdpzYrQt",
        "name": "Huawei Cloud Startup Ignite Competition 2023",
        "description": "Calling all growth startups in the APAC region. Do you have what it takes to bring your startup to new heights with Huawei? We want you!",
        "date": "2023-05-08T00:00:00.000Z - 2023-08-14T16:00:00.000Z",
        "location": ""
    },
    {
        "url": "https://huawei.agorize.com/irchack2023",
        "image": "https://cdn.fs.agorize.com/rsohMyycSdKcIQ74GuFT",
        "name": "2023 Tech Arena Ireland ",
        "description": "Build Your AI Assistant! \r\n--- Reliable and Trustworthy",
        "date": "2023-05-15T10:40:00.000Z - 2023-09-23T15:55:00.000Z",
        "location": ""
    },
    {
        "url": "https://huawei.agorize.com/irelandrc2024",
        "image": "https://cdn.filestackcontent.com/uTjgheR6SVKbxbIBwdBM",
        "name": "Ireland Tech Arena- AI for Cloud X",
        "description": "Server Fleet Management At Scale",
        "date": "2024-05-22T15:45:00.000Z - 2024-08-30T23:55:00.000Z",
        "location": ""
    },
    {
        "url": "https://huawei.agorize.com/2024-francetecharena",
        "image": "https://cdn.fs.agorize.com/k93c51tLT7eXWs4O1A15",
        "name": "2024 France Tech Arena",
        "description": "LightChaser (Optical Networks)\r\nor\r\nPacketPiper (Data Communications) ",
        "date": "2024-07-01T00:00:00.000Z - 2024-10-25T21:55:00.000Z",
        "location": ""
    },
    {
        "url": "https://huawei.agorize.com/techarena-uk2024",
        "image": "https://cdn.fs.agorize.com/oeiXgqiFRlOw06H7Ii8X",
        "name": "UK Tech Arena 2024",
        "description": "Embark on an exciting journey in the realms of Computer Architecture and Fundamental Software.",
        "date": "2024-09-24T13:25:00.000Z - 2024-11-25T23:55:00.000Z",
        "location": ""
    },
    {
        "url": "https://huawei.agorize.com/techarena-munich2024",
        "image": "https://cdn.fs.agorize.com/IYE9ipGPRui0gbdpclj5",
        "name": "2024 Munich Tech Arena",
        "description": "Media Technology",
        "date": "2024-09-29T12:20:00.000Z - 2024-11-30T23:55:00.000Z",
        "location": ""
    }
]