[
    {
        "url": "https://imprs-astro-hackathon.de/",
        "image": "https://imprs-astro-hackathon.de/",
        "name": "IMPRS Astro Hackathon 2024",
        "description": "It will be astronomical!",
        "date": "",
        "location": ""
    },
    {
        "url": "https://imprs-astro-hackathon.de",
        "image": "",
        "name": "Haus der Astronomie (HdA) in Heidelberg, Germany",
        "description": "Haus der Astronomie (HdA) in Heidelberg, Germany",
        "date": "Haus der Astronomie (HdA) in Heidelberg, Germany",
        "location": "Haus der Astronomie (HdA) in Heidelberg, Germany"
    }
]