[
    {
        "url": "https://makeathon.tum-ai.com",
        "image": "",
        "name": "",
        "description": "",
        "date": "",
        "location": ""
    },
    {
        "url": "https://makeathon.tum-ai.com",
        "image": "",
        "name": "The TUM.ai\nMakeathon",
        "description": "innovative AI solutions on real-world business cases presented by industry leaders.",
        "date": "2024.",
        "location": "Munich"
    }
]