[
    {
        "url": "https://munihac.de",
        "image": "",
        "name": "",
        "description": "",
        "date": "",
        "location": ""
    },
    {
        "url": "https://munihac.de",
        "image": "",
        "name": "HÃ©cate:\nEffect Systems in Practice",
        "description": "Exploring Haskell Language Server via the Cabal Plugin",
        "date": "October 11â13, 2024",
        "location": "Munich"
    }
]