[
    {
        "url": "https://n3xtcoder.org/events/ij12gt00y_the-6th-cassini-hackathon",
        "image": "assets/n3xtcoder.png",
        "name": "The 6th CASSINI Hackathon in Munich",
        "description": "",
        "date": "2023-11-03T16:00:24.097Z - 2023-11-05T17:00:24.125Z",
        "location": ""
    },
    {
        "url": "https://n3xtcoder.org/events/mrm6uinhp_re-publica-festival-2023-berlin-recycling-and-n3xtcoder-join-forces-for-artificial-intelligence-and-circular-economy",
        "image": "assets/n3xtcoder.png",
        "name": "re:think Circular Economy",
        "description": "The AI Innovation Programme",
        "date": "2023-06-07T07:00:11.881Z - 2023-06-07T16:30:00.000Z",
        "location": ""
    }
]