[
    {
        "url": "https://taikai.network/mykolaivwaterhub/hackathons/WaterFintechHackathon",
        "image": "https://storage.googleapis.com/taikai-storage/images/2b6fdc60-26fc-11ef-b03a-59a8b552ff99taikai_cover_1500x600.png",
        "name": "Water Fintech Hackathon",
        "description": "Be an active part of the reconstruction journey and help us find new ways to rebuild Mykolaiv and its water supply!",
        "date": "2024-06-27T14:00:00.000Z",
        "location": ""
    },
    {
        "url": "https://taikai.network/icp-portugal/hackathons/ICP-AI-Hackathon",
        "image": "https://storage.googleapis.com/taikai-storage/images/63968fa0-7f1f-11ef-a808-bdaf39628abdicp-hackathon x (2).png",
        "name": "Build On ICP AI Hackathon",
        "description": "Online Hackathon organised by ICP EU Alliance. Showcase and win prizes for your AI and Web3 idea!",
        "date": "2024-09-16T00:00:00.000Z",
        "location": ""
    },
    {
        "url": "https://taikai.network/nerdconf/hackathons/nerdathon",
        "image": "https://storage.googleapis.com/taikai-storage/images/7a0c70f0-59f5-11ef-922b-c31c0a34a47dnerdathon (2).png",
        "name": "NERDATHON by Polkadot",
        "description": "Aprender sobre web3 nunca fue tan divertido.",
        "date": "2024-08-24T21:00:00.000Z",
        "location": ""
    },
    {
        "url": "https://taikai.network/blockchainrio/hackathons/blockchainriohack24",
        "image": "https://storage.googleapis.com/taikai-storage/images/c642f5f0-38c3-11ef-a99f-c192b94afe85Hackaton_Card_BRio24 (1).png",
        "name": "Blockchain Rio Hackathon 2024",
        "description": "Blockchain Rio Hackathon 2024",
        "date": "2024-07-25T21:00:00.000Z",
        "location": ""
    },
    {
        "url": "https://taikai.network/geojam/hackathons/Jamathon",
        "image": "https://storage.googleapis.com/taikai-storage/images/50d13fc0-9a17-11ee-a883-a9e01a731f3aGeojam JAMathon Card Asset.png",
        "name": "Jamathon by Geojam",
        "description": "Join us in shaping the future of Web3 Social & AI, by pushing the boundaries of the Geojam Ecosystem",
        "date": "2024-02-08T17:00:00.000Z",
        "location": ""
    },
    {
        "url": "https://taikai.network/multiversx/hackathons/proof-of-hack",
        "image": "https://storage.googleapis.com/taikai-storage/images/9cdede90-1cfd-11ef-8d81-c36bf449b280Openmesh__MultiversX_Header_(1920_x_1080_px).png",
        "name": "Proof of Hack",
        "description": "Welcome to the Proof of Hack!",
        "date": "2024-06-10T14:00:00.000Z",
        "location": ""
    },
    {
        "url": "https://taikai.network/PolkadotProdigy/hackathons/prodigy",
        "image": "https://storage.googleapis.com/taikai-storage/images/0253ec50-fd66-11ee-a189-d7eb120de933Taikai-03 (1).jpg",
        "name": "Polkadot Prodigy ",
        "description": "Polkadot Hackathon: Prodigy Edition! The chance to dive into WEB3 development and bring your ideas life on Polkadot.",
        "date": "2024-05-27T04:00:00.000Z",
        "location": ""
    },
    {
        "url": "https://taikai.network/ethbelgrade/hackathons/eth-belgrade-hackathon-2024",
        "image": "https://storage.googleapis.com/taikai-storage/images/09e89760-cc1d-11ee-8355-233748261d8b640x360 2 TAIKAI - ETH Belgrade - 2024.jpg",
        "name": "ETH Belgrade Hackathon 2",
        "description": "The second edition of the ETH Belgrade hackathon takes place in Belgrade from May 31st to June 2nd, 2024.",
        "date": "2024-05-31T14:00:00.000Z",
        "location": ""
    },
    {
        "url": "https://taikai.network/hackbox/hackathons/hawkhacks",
        "image": "https://storage.googleapis.com/taikai-storage/images/69875a70-0724-11ef-8da0-c1fc11e028efNotion Cover Photo x1.5.png",
        "name": "HawkHacks 2024",
        "description": "One of the largest hackathons in Canada; student-run at Wilfrid Laurier University.",
        "date": "2024-05-19T20:00:00.000Z",
        "location": ""
    },
    {
        "url": "https://taikai.network/starkware/hackathons/starknet-winter-hackathon",
        "image": "https://storage.googleapis.com/taikai-storage/images/e2a875e0-afb0-11ee-abb8-dbff78c57cf8Card_1 (3).png",
        "name": "Starknet Winter Hackathon",
        "description": "Pump up the Jam!",
        "date": "2024-02-13T14:00:00.000Z",
        "location": ""
    },
    {
        "url": "https://taikai.network/cassinihackathons/hackathons/euspace-defence-security",
        "image": "https://storage.googleapis.com/taikai-storage/images/4bf442b0-7048-11ef-a384-e913685e0a67CASSINI_Hacka_8th_TAIKAI_1140x450.png",
        "name": "CASSINI Hackathons - EU Space for Security and Defence",
        "description": "Create innovative solutions for the defence and security sector using EU space technologies",
        "date": "2024-11-22T17:00:00.000Z",
        "location": ""
    },
    {
        "url": "https://taikai.network/cryptocanal/hackathons/ethdam2024",
        "image": "https://storage.googleapis.com/taikai-storage/images/50e95e10-579c-11ee-b18f-27bb5edf76fbCover Option 1.png",
        "name": "ETHDam 2024",
        "description": "Welcome to our 2nd Edition of ETHDam, strap in for a 3 day IRL hackathon, dedicated to Privacy and Security, hosted in Amsterdam, the Netherlands.",
        "date": "2024-04-12T09:00:00.000Z",
        "location": ""
    },
    {
        "url": "https://taikai.network/rootstock/hackathons/bitcoin-rootstock-hackathon",
        "image": "https://storage.googleapis.com/taikai-storage/images/e9a660f0-0c8a-11ef-9915-5b94335094f0Hackathon Cover.png",
        "name": "Bitcoin Meets Solidity - Rootstock Hackathon",
        "description": "Build easily an EVM dApp on top of Bitcoin! Win $17,000 in prizes & access a $2.5M pool in grants!ðŸš€",
        "date": "2024-05-15T11:00:00.000Z",
        "location": ""
    },
    {
        "url": "https://taikai.network/ethsamba/hackathons/ethsambahack-2",
        "image": "https://storage.googleapis.com/taikai-storage/images/6d84ff60-cf75-11ee-86c7-5d37cc22c171card-16x9.png",
        "name": "ETHSamba Hack",
        "description": "ETHSamba Hack, Rio de Janeiro, 22/03 - 24/03",
        "date": "2024-03-24T19:30:00.000Z",
        "location": ""
    },
    {
        "url": "https://taikai.network/junitec/hackathons/tecstorm2024",
        "image": "https://storage.googleapis.com/taikai-storage/images/a424a7a0-889e-11ee-9692-55ef837e141fMiniBannerTaikaiPrancheta 1.png",
        "name": "TecStorm 2024",
        "description": "Maratona tecnolÃ³gica universitÃ¡ria, dedicada Ã  inovaÃ§Ã£o e empreendedorismo.",
        "date": "2024-03-04T00:00:00.000Z",
        "location": ""
    },
    {
        "url": "https://taikai.network/cartesi/hackathons/cartesi-online-hackathon-2024",
        "image": "https://storage.googleapis.com/taikai-storage/images/a2e38310-c50d-11ee-80b3-33a4bc81d8a8Cartesi - Hackathon Takai Banner 16_9 - Image.png",
        "name": "Cartesi Online Hackathon 2024 ",
        "description": "A challenge for Web3 pioneers in the quest for ultimate computational power and programmability.",
        "date": "2024-03-29T14:00:00.000Z",
        "location": ""
    },
    {
        "url": "https://taikai.network/icp-portugal/hackathons/ICP-Portugal",
        "image": "https://storage.googleapis.com/taikai-storage/images/cf72a140-cf30-11ee-988a-6b27748db1b7Screenshot 2024-02-19 at 14.10.33.png",
        "name": "Build on ICP Portugal Hackathon",
        "description": "The Build on ICP is for devs & teams in Portugal and Spain. Build to win â‚¬20,000 in ICP prizes & grants!ðŸš€",
        "date": "2024-03-08T23:59:00.000Z",
        "location": ""
    },
    {
        "url": "https://taikai.network/ethereumgt/hackathons/buildathon-ethgt",
        "image": "https://storage.googleapis.com/taikai-storage/images/a0a72b10-da6b-11ee-9f9a-d5658e953c1fTaikai Buildathon Card (1).jpg",
        "name": "Buildathon 2024 Ethereum Guatemala",
        "description": "ETH Guatemala se enorgullece de presentar el primer Buildathon de Ethereum en CentroamÃ©rica.",
        "date": "2024-03-24T22:20:00.000Z",
        "location": ""
    },
    {
        "url": "https://taikai.network/hackbox/hackathons/interuni-challenge",
        "image": "https://storage.googleapis.com/taikai-storage/images/a05a0b10-e082-11ee-b99a-f52d704850f9photo_2024-03-10_13-38-29.jpg",
        "name": "NEAR - Inter-University Hacker House",
        "description": "Inter-University Hackathon Bounties for Submissions ",
        "date": "2024-03-13T10:00:00.000Z",
        "location": ""
    },
    {
        "url": "https://taikai.network/outsystems/hackathons/build-for-the-future-2024",
        "image": "https://storage.googleapis.com/taikai-storage/images/15ca8a80-16bd-11ef-a18f-834ade92dee0hackathon-card-1280x720.jpg",
        "name": "OutSystems Build for the Future Hackathon 2024",
        "description": "Building Apps that make a difference",
        "date": "2024-10-15T19:00:00.000Z",
        "location": ""
    }
]