[
    {
        "url": "https://www.hackbay.de/index.php",
        "image": "https://www.hackbay.de/uploads/hackbay-sharedcontent.jpg",
        "name": "HACK|BAY",
        "description": "HACKBAY - a Hackathon organized by ZOLLHOF. An exciting tech event with great challenges and highly interesting talks. Come\n        join us to shape the future of tech together!",
        "date": "",
        "location": "HACK|BAY"
    },
    {
        "url": "https://hackbay.de",
        "image": "",
        "name": "The schedule is coming soon.",
        "description": "The event causes costs",
        "date": "JUNE 03 & 04 2025",
        "location": "Z-Bau"
    }
]