[
    {
        "url": "https://www.unternehmertum.de/events/hopsathon",
        "image": "",
        "name": "HOPSathon",
        "description": "Der HOPSathon – Innovationen für den Hopfenbau: Das erste Innovationsformat für die gesamte Hopfen -Wertschöpfungskette im größten Hopfenanbaugebiet der Welt!",
        "date": "2. Juni – 3. Juni 2025",
        "location": ""
    }
]