[
    {
        "url": "https://pushquantum.tech",
        "image": "",
        "name": "Hackathon",
        "description": "",
        "date": "",
        "location": ""
    },
    {
        "url": "https://pushquantum.tech",
        "image": "",
        "name": "Teams need to be formed by 4 people.",
        "description": "No registration is free of charge",
        "date": "2024",
        "location": "Munich: Entrepreneuship Research Institute,"
    }
]