[
    {
        "url": "https://cassini.eu",
        "image": "",
        "name": "",
        "description": "",
        "date": "",
        "location": ""
    },
    {
        "url": "https://cassini.eu",
        "image": "",
        "name": "The\n9th CASSINI Hackathon: Space for Healthcare",
        "description": "Space for Healthcare",
        "date": "16-18 May",
        "location": "Space for Healthcare"
    }
]